<html>
<body>
<pre>
<h1>µVision Build Log</h1>
<h2>Tool Versions:</h2>
IDE-Version: ¦ÌVision V5.39.0.0
Copyright (C) 2023 ARM Ltd and ARM Germany GmbH. All rights reserved.
License Information: Seahi Seahi, seahi, LIC=32B1Q-NYITN-LQY0Q-NIZFV-Y4SUV-AIS1V
 
Tool Versions:
Toolchain:       MDK-ARM Plus  Version: 5.39.0.0
Toolchain Path:  F:\software\Keil\ARM\ARMCLANG\Bin
C Compiler:      ArmClang.exe V6.21
Assembler:       Armasm.exe V6.21
Linker/Locator:  ArmLink.exe V6.21
Library Manager: ArmAr.exe V6.21
Hex Converter:   FromElf.exe V6.21
CPU DLL:         
Dialog DLL:      
Target DLL:      CMSIS_AGDI_V8M.DLL V1.8.1.0
Dialog DLL:      TCM.DLL V1.56.4.0
 
<h2>Project:</h2>
D:\Desktop\GD32E230K8U6_SDK\Project\GD32E230x_RTOS_base.uvprojx
Project File Date:  03/10/2025

<h2>Output:</h2>
*** Using Compiler 'V6.21', folder: 'F:\software\Keil\ARM\ARMCLANG\Bin'
Rebuild target 'GD32E23x_FreeRTOS'
compiling systick.c...
compiling gd32e23x_it.c...
compiling gd32e23x_crc.c...
assembling startup_gd32e23x.s...
compiling gd32e23x_adc.c...
compiling gd32e23x_gpio.c...
compiling gd32e23x_dbg.c...
compiling gd32e23x_exti.c...
compiling system_gd32e23x.c...
compiling gd32e23x_i2c.c...
compiling main.c...
compiling gd32e23x_cmp.c...
compiling gd32e23x_fwdgt.c...
compiling gd32e23x_misc.c...
compiling gd32e23x_dma.c...
compiling gd32e23x_fmc.c...
compiling gd32e23x_pmu.c...
compiling gd32e23x_rcu.c...
compiling gd32e23x_spi.c...
compiling gd32e23x_rtc.c...
compiling gd32e23x_syscfg.c...
compiling gd32e23x_wwdgt.c...
compiling LED.c...
compiling gd32e23x_timer.c...
compiling gd32e23x_usart.c...
linking...
Program Size: Code=2064 RO-data=236 RW-data=4 ZI-data=1036  
FromELF: creating hex file...
".\GD32E230x_RTOS_base.axf" - 0 Error(s), 0 Warning(s).

<h2>Software Packages used:</h2>

Package Vendor: ARM
                http://www.keil.com/pack/ARM.CMSIS.5.9.0.pack
                ARM::CMSIS@5.9.0
                CMSIS (Common Microcontroller Software Interface Standard)
   * Component: CORE Version: 5.6.0

Package Vendor: GigaDevice
                https://gd32mcu.com/data/documents/pack/GigaDevice.GD32E23x_DFP.1.0.2.pack
                GigaDevice::GD32E23x_DFP@1.0.2
                GigaDevice GD32E23x Series Device Support and Examples

<h2>Collection of Component include folders:</h2>
  ./RTE/_GD32E23x_FreeRTOS
  F:/software/Keil/ARM/CMSIS/5.9.0/CMSIS/Core/Include
  F:/software/Keil/GigaDevice/GD32E23x_DFP/1.0.2/Device/Include

<h2>Collection of Component Files used:</h2>

   * Component: ARM::CMSIS:CORE@5.6.0
Build Time Elapsed:  00:00:02
</pre>
</body>
</html>
